0:0:0:0:0:0:0:1 - - [23/Feb/2026:05:49:13 -0300] "PUT /api/empresas/5 HTTP/1.1" 200 208 282143
0:0:0:0:0:0:0:1 - - [23/Feb/2026:05:52:16 -0300] "PUT /api/empresas/5 HTTP/1.1" 200 208 449219
0:0:0:0:0:0:0:1 - - [23/Feb/2026:05:59:00 -0300] "PUT /api/empresas/5 HTTP/1.1" 200 208 1987684
0:0:0:0:0:0:0:1 - - [23/Feb/2026:06:05:10 -0300] "PUT /api/empresas/5 HTTP/1.1" 200 249 918964
0:0:0:0:0:0:0:1 - - [23/Feb/2026:06:35:30 -0300] "OPTIONS /api/usuarios/5 HTTP/1.1" 200 - 182332
0:0:0:0:0:0:0:1 - - [23/Feb/2026:06:35:31 -0300] "PUT /api/usuarios/5 HTTP/1.1" 403 - 395006
0:0:0:0:0:0:0:1 - - [23/Feb/2026:06:37:03 -0300] "PUT /api/usuarios/5 HTTP/1.1" 403 - 81949
0:0:0:0:0:0:0:1 - - [23/Feb/2026:06:38:11 -0300] "PUT /api/usuarios/5 HTTP/1.1" 403 - 68376
0:0:0:0:0:0:0:1 - - [23/Feb/2026:06:43:05 -0300] "GET /api/usuarios/ping HTTP/1.1" 403 - 91727
0:0:0:0:0:0:0:1 - - [23/Feb/2026:06:44:22 -0300] "PUT /api/usuarios/5 HTTP/1.1" 403 - 955741
0:0:0:0:0:0:0:1 - - [23/Feb/2026:06:47:01 -0300] "OPTIONS /api/contratos/empresa/5 HTTP/1.1" 200 - 24314
0:0:0:0:0:0:0:1 - - [23/Feb/2026:06:47:01 -0300] "OPTIONS /api/contratos/empresa/5 HTTP/1.1" 200 - 24255
0:0:0:0:0:0:0:1 - - [23/Feb/2026:06:47:01 -0300] "GET /api/contratos/empresa/5 HTTP/1.1" 403 - 70121
0:0:0:0:0:0:0:1 - - [23/Feb/2026:06:47:01 -0300] "GET /api/contratos/empresa/5 HTTP/1.1" 403 - 47023
0:0:0:0:0:0:0:1 - - [23/Feb/2026:06:50:11 -0300] "GET /api/contratos/empresa/5 HTTP/1.1" 403 - 215321
0:0:0:0:0:0:0:1 - - [23/Feb/2026:06:50:11 -0300] "GET /api/contratos/empresa/5 HTTP/1.1" 403 - 82387
0:0:0:0:0:0:0:1 - - [23/Feb/2026:06:50:34 -0300] "GET /api/contratos/empresa/5 HTTP/1.1" 403 - 600025
0:0:0:0:0:0:0:1 - - [23/Feb/2026:06:50:34 -0300] "GET /api/contratos/empresa/5 HTTP/1.1" 403 - 59198
0:0:0:0:0:0:0:1 - - [23/Feb/2026:06:50:40 -0300] "OPTIONS /auth/login HTTP/1.1" 200 - 24543
0:0:0:0:0:0:0:1 - - [23/Feb/2026:06:50:45 -0300] "POST /auth/login HTTP/1.1" 200 647 5418665
0:0:0:0:0:0:0:1 - - [23/Feb/2026:06:50:52 -0300] "GET /api/contratos/empresa/5 HTTP/1.1" 200 3475 204386
0:0:0:0:0:0:0:1 - - [23/Feb/2026:06:50:52 -0300] "GET /api/contratos/empresa/5 HTTP/1.1" 200 3475 55402
0:0:0:0:0:0:0:1 - - [23/Feb/2026:06:51:01 -0300] "OPTIONS /api/contratos/3 HTTP/1.1" 200 - 2545
0:0:0:0:0:0:0:1 - - [23/Feb/2026:06:51:01 -0300] "OPTIONS /api/contratos/3 HTTP/1.1" 200 - 3832
0:0:0:0:0:0:0:1 - - [23/Feb/2026:06:51:01 -0300] "GET /api/contratos/3 HTTP/1.1" 200 3471 128817
0:0:0:0:0:0:0:1 - - [23/Feb/2026:06:51:01 -0300] "GET /api/contratos/3 HTTP/1.1" 200 3471 39387
0:0:0:0:0:0:0:1 - - [23/Feb/2026:06:51:03 -0300] "GET /api/contratos/3 HTTP/1.1" 200 3471 32146
0:0:0:0:0:0:0:1 - - [23/Feb/2026:06:51:03 -0300] "GET /api/contratos/3 HTTP/1.1" 200 3471 35681
0:0:0:0:0:0:0:1 - - [23/Feb/2026:06:51:08 -0300] "GET /api/contratos/3 HTTP/1.1" 200 3471 38155
0:0:0:0:0:0:0:1 - - [23/Feb/2026:06:51:08 -0300] "GET /api/contratos/3 HTTP/1.1" 200 3471 44707
0:0:0:0:0:0:0:1 - - [23/Feb/2026:06:51:10 -0300] "GET /api/contratos/empresa/5 HTTP/1.1" 200 3475 53034
0:0:0:0:0:0:0:1 - - [23/Feb/2026:06:51:11 -0300] "GET /api/contratos/empresa/5 HTTP/1.1" 200 3475 334987
0:0:0:0:0:0:0:1 - - [23/Feb/2026:06:51:23 -0300] "OPTIONS /api/empresas/5 HTTP/1.1" 200 - 2960
0:0:0:0:0:0:0:1 - - [23/Feb/2026:06:51:23 -0300] "PUT /api/empresas/5 HTTP/1.1" 200 250 288177
