0:0:0:0:0:0:0:1 - - [25/Feb/2026:00:19:41 -0300] "OPTIONS /api/usuarios/empresa/meus-usuarios HTTP/1.1" 200 - 350273
0:0:0:0:0:0:0:1 - - [25/Feb/2026:00:19:42 -0300] "GET /api/usuarios/empresa/meus-usuarios HTTP/1.1" 200 174 679398
0:0:0:0:0:0:0:1 - - [25/Feb/2026:00:20:27 -0300] "GET /api/usuarios/empresa/meus-usuarios HTTP/1.1" 200 174 42307
0:0:0:0:0:0:0:1 - - [25/Feb/2026:00:21:06 -0300] "GET /api/usuarios/empresa/meus-usuarios HTTP/1.1" 200 174 43955
0:0:0:0:0:0:0:1 - - [25/Feb/2026:00:21:06 -0300] "GET /api/usuarios/empresa/meus-usuarios HTTP/1.1" 200 174 47727
0:0:0:0:0:0:0:1 - - [25/Feb/2026:00:22:05 -0300] "GET /api/usuarios/empresa/meus-usuarios HTTP/1.1" 200 174 61319
0:0:0:0:0:0:0:1 - - [25/Feb/2026:00:22:22 -0300] "GET /api/usuarios/empresa/meus-usuarios HTTP/1.1" 200 174 39756
0:0:0:0:0:0:0:1 - - [25/Feb/2026:00:22:51 -0300] "GET /api/usuarios/empresa/meus-usuarios HTTP/1.1" 200 174 50658
0:0:0:0:0:0:0:1 - - [25/Feb/2026:00:23:12 -0300] "GET /api/usuarios/empresa/meus-usuarios HTTP/1.1" 200 174 63059
0:0:0:0:0:0:0:1 - - [25/Feb/2026:00:23:22 -0300] "GET /api/usuarios/empresa/meus-usuarios HTTP/1.1" 200 174 39354
0:0:0:0:0:0:0:1 - - [25/Feb/2026:00:23:22 -0300] "GET /api/usuarios/empresa/meus-usuarios HTTP/1.1" 200 174 37495
0:0:0:0:0:0:0:1 - - [25/Feb/2026:00:24:20 -0300] "OPTIONS /api/usuarios/me HTTP/1.1" 200 - 9383
0:0:0:0:0:0:0:1 - - [25/Feb/2026:00:24:21 -0300] "PUT /api/usuarios/me HTTP/1.1" 200 171 903202
0:0:0:0:0:0:0:1 - - [25/Feb/2026:00:24:32 -0300] "PUT /api/usuarios/me HTTP/1.1" 200 172 120196
0:0:0:0:0:0:0:1 - - [25/Feb/2026:00:24:40 -0300] "POST /auth/login HTTP/1.1" 403 - 254706
0:0:0:0:0:0:0:1 - - [25/Feb/2026:00:24:46 -0300] "POST /auth/login HTTP/1.1" 200 651 132160
0:0:0:0:0:0:0:1 - - [25/Feb/2026:00:24:47 -0300] "GET /api/usuarios/empresa/meus-usuarios HTTP/1.1" 200 176 46071
0:0:0:0:0:0:0:1 - - [25/Feb/2026:00:24:47 -0300] "GET /api/usuarios/empresa/meus-usuarios HTTP/1.1" 200 176 62976
0:0:0:0:0:0:0:1 - - [25/Feb/2026:00:24:55 -0300] "PUT /api/usuarios/me HTTP/1.1" 200 171 34865
0:0:0:0:0:0:0:1 - - [25/Feb/2026:00:25:28 -0300] "OPTIONS /api/usuarios/empresa HTTP/1.1" 200 - 2127
0:0:0:0:0:0:0:1 - - [25/Feb/2026:00:25:28 -0300] "POST /api/usuarios/empresa HTTP/1.1" 403 - 16345
0:0:0:0:0:0:0:1 - - [25/Feb/2026:00:25:41 -0300] "POST /api/usuarios/empresa HTTP/1.1" 403 - 8973
0:0:0:0:0:0:0:1 - - [25/Feb/2026:00:31:34 -0300] "POST /api/usuarios/empresa HTTP/1.1" 403 - 70849
0:0:0:0:0:0:0:1 - - [25/Feb/2026:00:33:32 -0300] "POST /api/usuarios/empresa HTTP/1.1" 403 - 228370
0:0:0:0:0:0:0:1 - - [25/Feb/2026:00:33:41 -0300] "POST /api/usuarios/empresa HTTP/1.1" 403 - 11317
0:0:0:0:0:0:0:1 - - [25/Feb/2026:00:39:59 -0300] "POST /api/usuarios/empresa HTTP/1.1" 403 - 56963
0:0:0:0:0:0:0:1 - - [25/Feb/2026:00:41:35 -0300] "POST /api/usuarios/empresa HTTP/1.1" 403 - 60426
0:0:0:0:0:0:0:1 - - [25/Feb/2026:00:43:16 -0300] "POST /api/usuarios/empresa HTTP/1.1" 403 - 51884
0:0:0:0:0:0:0:1 - - [25/Feb/2026:00:43:47 -0300] "POST /api/usuarios/empresa HTTP/1.1" 403 - 15016
0:0:0:0:0:0:0:1 - - [25/Feb/2026:00:44:32 -0300] "POST /api/usuarios/empresa HTTP/1.1" 403 - 15799
0:0:0:0:0:0:0:1 - - [25/Feb/2026:00:45:17 -0300] "POST /auth/login HTTP/1.1" 200 649 862229
0:0:0:0:0:0:0:1 - - [25/Feb/2026:00:45:20 -0300] "GET /api/usuarios/empresa/meus-usuarios HTTP/1.1" 200 175 53455
0:0:0:0:0:0:0:1 - - [25/Feb/2026:00:45:20 -0300] "GET /api/usuarios/empresa/meus-usuarios HTTP/1.1" 200 175 34000
0:0:0:0:0:0:0:1 - - [25/Feb/2026:00:45:43 -0300] "POST /api/usuarios/empresa HTTP/1.1" 200 184 261645
0:0:0:0:0:0:0:1 - - [25/Feb/2026:00:45:43 -0300] "GET /api/usuarios/empresa/meus-usuarios HTTP/1.1" 200 351 22895
0:0:0:0:0:0:0:1 - - [25/Feb/2026:00:45:59 -0300] "POST /auth/login HTTP/1.1" 200 664 112827
0:0:0:0:0:0:0:1 - - [25/Feb/2026:00:46:06 -0300] "OPTIONS /api/contratos/empresa/5 HTTP/1.1" 200 - 5723
0:0:0:0:0:0:0:1 - - [25/Feb/2026:00:46:06 -0300] "OPTIONS /api/contratos/empresa/5 HTTP/1.1" 200 - 7175
0:0:0:0:0:0:0:1 - - [25/Feb/2026:00:46:06 -0300] "GET /api/contratos/empresa/5 HTTP/1.1" 200 3476 37338
0:0:0:0:0:0:0:1 - - [25/Feb/2026:00:46:06 -0300] "GET /api/contratos/empresa/5 HTTP/1.1" 200 3476 26922
0:0:0:0:0:0:0:1 - - [25/Feb/2026:00:46:19 -0300] "OPTIONS /api/contratos/3 HTTP/1.1" 200 - 2955
0:0:0:0:0:0:0:1 - - [25/Feb/2026:00:46:19 -0300] "OPTIONS /api/contratos/3 HTTP/1.1" 200 - 2841
0:0:0:0:0:0:0:1 - - [25/Feb/2026:00:46:19 -0300] "GET /api/contratos/3 HTTP/1.1" 200 3472 25588
0:0:0:0:0:0:0:1 - - [25/Feb/2026:00:46:19 -0300] "GET /api/contratos/3 HTTP/1.1" 200 3472 19056
0:0:0:0:0:0:0:1 - - [25/Feb/2026:00:46:24 -0300] "GET /api/contratos/empresa/5 HTTP/1.1" 200 3476 26038
0:0:0:0:0:0:0:1 - - [25/Feb/2026:00:46:24 -0300] "GET /api/contratos/empresa/5 HTTP/1.1" 200 3476 31379
